// Jest Snapshot v1, https://goo.gl/fbAQLP

exports[`MainLayout renders correctly 1`] = `
<div>
  <section
    class="ant-layout layout"
  >
    <header
      class="ant-layout-header header"
    >
      <h1>
        Technical test - UFirst
      </h1>
    </header>
    <section
      class="ant-layout"
    >
      <main
        class="ant-layout-content main"
      >
        <h1>
          Hello World
        </h1>
      </main>
    </section>
    <footer
      class="ant-layout-footer footer"
    >
      Â© 2022 - Gianfranco Manganiello
    </footer>
  </section>
</div>
`;
